// Jest Snapshot v1, https://goo.gl/fbAQLP

exports[`Event Component Should render component 1`] = `
<styled.div
  className="event"
>
  <styled.div
    className="event-item"
    onClick={[Function]}
  >
    <div
      className="event-image"
    >
      <styled.img
        src="http://d1marr3m5x4iac.cloudfront.net/images/medium/I0-001/003/948/039-3.jpeg_/sugarland-39.jpeg"
      />
    </div>
    <div
      className="event-info"
    >
      <styled.h4
        className="event-title"
      >
        Sugarland
      </styled.h4>
      <styled.span
        className="event-loc"
      >
        Philadelphia, PA. Sun, Sep 9, 2018 7:00 PM
      </styled.span>
      <br />
      <styled.span
        className="event-venue"
      >
        Mann Center for the Performing Arts
      </styled.span>
      <br />
      <span
        className="event-desc"
      >
        There once was a description here but no more. Actually there was no description and a story had to be told. He picked up the watter bottle, took a sip, and put it down. Then immediately took a drag o
      </span>
    </div>
    <Modal
      animationDuration={500}
      blockScroll={true}
      center={true}
      classNames={Object {}}
      classes={
        Object {
          "closeButton": "styles_closeButton__20ID4",
          "closeIcon": "styles_closeIcon__1QwbI",
          "modal": "styles_modal__gNwvD",
          "overlay": "styles_overlay__CLSq-",
          "overlayCenter": "styles_overlayCenter__YHoO7",
          "transitionEnter": "styles_transitionEnter__3j_-a",
          "transitionEnterActive": "styles_transitionEnterActive___eQs7",
          "transitionExit": "styles_transitionExit__1KmEf",
          "transitionExitActive": "styles_transitionExitActive__1nQXw",
        }
      }
      closeIconSize={28}
      closeIconSvgPath={
        <path
          d="M28.5 9.62L26.38 7.5 18 15.88 9.62 7.5 7.5 9.62 15.88 18 7.5 26.38l2.12 2.12L18 20.12l8.38 8.38 2.12-2.12L20.12 18z"
        />
      }
      closeOnEsc={true}
      closeOnOverlayClick={true}
      onClose={[Function]}
      onEntered={null}
      onEscKeyDown={null}
      onExited={null}
      onOverlayClick={null}
      open={false}
      showCloseIcon={true}
      styles={Object {}}
    >
      <_default />
    </Modal>
  </styled.div>
</styled.div>
`;
